src/components/dashboard/ActionItems.tsx(1,2): error TS6133: 'React' is declared but its value is never read.
src/components/dashboard/ActionItems.tsx(7,29): error TS2304: Cannot find name 'useState'.
src/components/dashboard/ActionItems.tsx(10,24): error TS7006: Parameter 'item' implicitly has an 'any' type.
src/components/dashboard/ActionItems.tsx(29,29): error TS7006: Parameter 'i' implicitly has an 'any' type.
src/components/dashboard/ActionItems.tsx(42,25): error TS7006: Parameter 'item' implicitly has an 'any' type.
src/components/dashboard/AssetTable.tsx(1,2): error TS6133: 'React' is declared but its value is never read.
src/context/AuthContext.tsx(13,21): error TS2304: Cannot find name 'createContext'.
src/context/AuthContext.tsx(16,27): error TS2304: Cannot find name 'useState'.
src/context/AuthContext.tsx(17,33): error TS2304: Cannot find name 'useState'.
src/context/AuthContext.tsx(19,3): error TS2304: Cannot find name 'useEffect'.
src/context/AuthContext.tsx(61,19): error TS2552: Cannot find name 'useContext'. Did you mean 'context'?
src/pages/Dashboard.tsx(1,2): error TS6133: 'React' is declared but its value is never read.
src/pages/Dashboard.tsx(12,37): error TS2304: Cannot find name 'useState'.
src/pages/Login.tsx(1,2): error TS6133: 'React' is declared but its value is never read.
src/pages/Onboarding.tsx(1,2): error TS6133: 'React' is declared but its value is never read.
src/pages/Onboarding.tsx(7,31): error TS2304: Cannot find name 'useState'.
src/pages/Onboarding.tsx(68,32): error TS7006: Parameter 'email' implicitly has an 'any' type.
src/pages/Onboarding.tsx(68,39): error TS7006: Parameter 'i' implicitly has an 'any' type.
