
Running 3 tests using 3 workers

[1A[2K[1/3] [chromium] ΓÇ║ tests\onboarding.spec.ts:88:3 ΓÇ║ Onboarding Multi-step Flow ΓÇ║ should use household name as default last name if not provided
[1A[2K[2/3] [chromium] ΓÇ║ tests\onboarding.spec.ts:12:3 ΓÇ║ Onboarding Multi-step Flow ΓÇ║ should complete the full 2-step onboarding flow
[1A[2K[3/3] [chromium] ΓÇ║ tests\onboarding.spec.ts:53:3 ΓÇ║ Onboarding Multi-step Flow ΓÇ║ should persist values in local storage on refresh
[1A[2K  1) [chromium] ΓÇ║ tests\onboarding.spec.ts:53:3 ΓÇ║ Onboarding Multi-step Flow ΓÇ║ should persist values in local storage on refresh 

    Error: [2mexpect([22m[31mlocator[39m[2m).[22mtoHaveValue[2m([22m[32mexpected[39m[2m)[22m failed

    Locator:  locator('input[name="family_name"]')
    Expected: [32m"╫₧╫⌐╫ñ╫ù╫¬ ╫¢╫ö╫ƒ"[39m
    Received: [31m""[39m
    Timeout:  5000ms

    Call log:
    [2m  - Expect "toHaveValue" with timeout 5000ms[22m
    [2m  - waiting for locator('input[name="family_name"]')[22m
    [2m    8 ├ù locator resolved to <input value="" type="text" id="family_name" name="family_name" autocomplete="family-name" placeholder="╫£╫ô╫ò╫Æ╫₧╫ö: ╫₧╫⌐╫ñ╫ù╫¬ ╫£╫ò╫Ö" class="w-full border border-slate-300 rounded-xl px-4 py-3 focus:ring-2 focus:ring-blue-500 focus:border-blue-500 outline-none transition-shadow text-right placeholder:text-slate-400"/>[22m
    [2m      - unexpected value ""[22m


      68 |
      69 |     // Verify values are still there
    > 70 |     await expect(page.locator('input[name="family_name"]')).toHaveValue('╫₧╫⌐╫ñ╫ù╫¬ ╫¢╫ö╫ƒ');
         |                                                             ^
      71 |     await expect(page.locator('input[name="fname1"]')).toHaveValue('╫É╫æ╫Ö');
      72 |
      73 |     // Move to Step 2
        at D:\AICode\ai-wealth-monitor\tests\onboarding.spec.ts:70:61

    Error Context: test-results\onboarding-Onboarding-Mult-b3195-in-local-storage-on-refresh-chromium\error-context.md


[1A[2K  1 failed
    [chromium] ΓÇ║ tests\onboarding.spec.ts:53:3 ΓÇ║ Onboarding Multi-step Flow ΓÇ║ should persist values in local storage on refresh 
  2 passed (9.4s)

[36m  Serving HTML report at http://localhost:64635. Press Ctrl+C to quit.[39m
